// Jest Snapshot v1, https://goo.gl/fbAQLP

exports[`Testing experiments component -> Should render experiments without crashing 1`] = `
Array [
  <div
    class="cell active"
  >
    <h3>
      #1 SMAP_set1_lstm
    </h3>
    <div
      class="item-data"
    >
      <ul>
        <li>
          Signals: 1
        </li>
        <li>
          Events: 1
        </li>
        <li>
          DC: 2019-10-17
        </li>
        <li>
          By: null
        </li>
      </ul>
      Matrix component
    </div>
  </div>,
  ",",
]
`;
