// Jest Snapshot v1, https://goo.gl/fbAQLP

exports[`Should render header Renders <Header /> with enzyme 1`] = `ShallowWrapper {}`;

exports[`Should render header Renders <Header /> with enzyme 2`] = `ShallowWrapper {}`;
