// Jest Snapshot v1, https://goo.gl/fbAQLP

exports[`Should render header Renders <Header /> with enzyme 1`] = `
<header
  class="main-header"
  id="header"
>
  <div
    class="header-container"
  >
    <a
      class="logo"
      href="/"
    >
      <b>
        MTV
      </b>
    </a>
    <a
      class="page-switch-btn active"
      href="/experiment/5da7cc6376e3e19307d0db64"
    >
      <svg
        aria-hidden="true"
        class="svg-inline--fa fa-chevron-right fa-w-10 "
        data-icon="chevron-right"
        data-prefix="fas"
        focusable="false"
        role="img"
        viewBox="0 0 320 512"
        xmlns="http://www.w3.org/2000/svg"
      >
        <path
          d="M285.476 272.971L91.132 467.314c-9.373 9.373-24.569 9.373-33.941 0l-22.667-22.667c-9.357-9.357-9.375-24.522-.04-33.901L188.505 256 34.484 101.255c-9.335-9.379-9.317-24.544.04-33.901l22.667-22.667c9.373-9.373 24.569-9.373 33.941 0L285.475 239.03c9.373 9.372 9.373 24.568.001 33.941z"
          fill="currentColor"
        />
      </svg>
    </a>
    <ul
      class="user-opts"
    >
      <li>
        <button
          class="logout-button"
          type="button"
        >
          Logout
        </button>
      </li>
    </ul>
  </div>
</header>
`;
